// Jest Snapshot v1, https://goo.gl/fbAQLP

exports[`NotFound [Snapshot] Renders correctly 1`] = `
<h1>
  NotFound
</h1>
`;
